---
source: src/data/cdot/json.rs
expression: "&result"
---
[
    TxForRegionRecord {
        tx_ac: "NM_007300.3",
        alt_ac: "NC_000017.10",
        alt_strand: -1,
        alt_aln_method: "splign",
        start_i: 41196311,
        end_i: 41277500,
    },
    TxForRegionRecord {
        tx_ac: "NM_007294.3",
        alt_ac: "NC_000017.10",
        alt_strand: -1,
        alt_aln_method: "splign",
        start_i: 41196311,
        end_i: 41277500,
    },
    TxForRegionRecord {
        tx_ac: "NM_007299.3",
        alt_ac: "NC_000017.10",
        alt_strand: -1,
        alt_aln_method: "splign",
        start_i: 41196311,
        end_i: 41277468,
    },
    TxForRegionRecord {
        tx_ac: "NM_007297.3",
        alt_ac: "NC_000017.10",
        alt_strand: -1,
        alt_aln_method: "splign",
        start_i: 41196311,
        end_i: 41277468,
    },
    TxForRegionRecord {
        tx_ac: "NR_027676.2",
        alt_ac: "NC_000017.10",
        alt_strand: -1,
        alt_aln_method: "splign",
        start_i: 41196311,
        end_i: 41277381,
    },
    TxForRegionRecord {
        tx_ac: "NM_007300.4",
        alt_ac: "NC_000017.10",
        alt_strand: -1,
        alt_aln_method: "splign",
        start_i: 41196311,
        end_i: 41277381,
    },
    TxForRegionRecord {
        tx_ac: "NM_007299.4",
        alt_ac: "NC_000017.10",
        alt_strand: -1,
        alt_aln_method: "splign",
        start_i: 41196311,
        end_i: 41277381,
    },
    TxForRegionRecord {
        tx_ac: "NM_007297.4",
        alt_ac: "NC_000017.10",
        alt_strand: -1,
        alt_aln_method: "splign",
        start_i: 41196311,
        end_i: 41277381,
    },
    TxForRegionRecord {
        tx_ac: "NM_007294.4",
        alt_ac: "NC_000017.10",
        alt_strand: -1,
        alt_aln_method: "splign",
        start_i: 41196311,
        end_i: 41277381,
    },
    TxForRegionRecord {
        tx_ac: "NR_027676.1",
        alt_ac: "NC_000017.10",
        alt_strand: -1,
        alt_aln_method: "splign",
        start_i: 41196311,
        end_i: 41277340,
    },
    TxForRegionRecord {
        tx_ac: "NM_007298.3",
        alt_ac: "NC_000017.10",
        alt_strand: -1,
        alt_aln_method: "splign",
        start_i: 41196311,
        end_i: 41276132,
    },
]
