---
source: src/data/cdot/json.rs
expression: "&result"
---
[
    TxExonsRecord {
        hgnc: "BRCA1",
        tx_ac: "NM_007294.3",
        alt_ac: "NC_000017.10",
        alt_aln_method: "splign",
        alt_strand: -1,
        ord: 22,
        tx_start_i: 5699,
        tx_end_i: 7207,
        alt_start_i: 41196311,
        alt_end_i: 41197819,
        cigar: "1508M",
        tx_aseq: None,
        alt_aseq: None,
        tx_exon_set_id: 2147483647,
        alt_exon_set_id: 2147483647,
        tx_exon_id: 2147483647,
        alt_exon_id: 2147483647,
        exon_aln_id: 2147483647,
    },
    TxExonsRecord {
        hgnc: "BRCA1",
        tx_ac: "NM_007294.3",
        alt_ac: "NC_000017.10",
        alt_aln_method: "splign",
        alt_strand: -1,
        ord: 21,
        tx_start_i: 5638,
        tx_end_i: 5699,
        alt_start_i: 41199659,
        alt_end_i: 41199720,
        cigar: "61M",
        tx_aseq: None,
        alt_aseq: None,
        tx_exon_set_id: 2147483647,
        alt_exon_set_id: 2147483647,
        tx_exon_id: 2147483647,
        alt_exon_id: 2147483647,
        exon_aln_id: 2147483647,
    },
    TxExonsRecord {
        hgnc: "BRCA1",
        tx_ac: "NM_007294.3",
        alt_ac: "NC_000017.10",
        alt_aln_method: "splign",
        alt_strand: -1,
        ord: 20,
        tx_start_i: 5564,
        tx_end_i: 5638,
        alt_start_i: 41201137,
        alt_end_i: 41201211,
        cigar: "74M",
        tx_aseq: None,
        alt_aseq: None,
        tx_exon_set_id: 2147483647,
        alt_exon_set_id: 2147483647,
        tx_exon_id: 2147483647,
        alt_exon_id: 2147483647,
        exon_aln_id: 2147483647,
    },
    TxExonsRecord {
        hgnc: "BRCA1",
        tx_ac: "NM_007294.3",
        alt_ac: "NC_000017.10",
        alt_aln_method: "splign",
        alt_strand: -1,
        ord: 19,
        tx_start_i: 5509,
        tx_end_i: 5564,
        alt_start_i: 41203079,
        alt_end_i: 41203134,
        cigar: "55M",
        tx_aseq: None,
        alt_aseq: None,
        tx_exon_set_id: 2147483647,
        alt_exon_set_id: 2147483647,
        tx_exon_id: 2147483647,
        alt_exon_id: 2147483647,
        exon_aln_id: 2147483647,
    },
    TxExonsRecord {
        hgnc: "BRCA1",
        tx_ac: "NM_007294.3",
        alt_ac: "NC_000017.10",
        alt_aln_method: "splign",
        alt_strand: -1,
        ord: 18,
        tx_start_i: 5425,
        tx_end_i: 5509,
        alt_start_i: 41209068,
        alt_end_i: 41209152,
        cigar: "84M",
        tx_aseq: None,
        alt_aseq: None,
        tx_exon_set_id: 2147483647,
        alt_exon_set_id: 2147483647,
        tx_exon_id: 2147483647,
        alt_exon_id: 2147483647,
        exon_aln_id: 2147483647,
    },
    TxExonsRecord {
        hgnc: "BRCA1",
        tx_ac: "NM_007294.3",
        alt_ac: "NC_000017.10",
        alt_aln_method: "splign",
        alt_strand: -1,
        ord: 17,
        tx_start_i: 5384,
        tx_end_i: 5425,
        alt_start_i: 41215349,
        alt_end_i: 41215390,
        cigar: "41M",
        tx_aseq: None,
        alt_aseq: None,
        tx_exon_set_id: 2147483647,
        alt_exon_set_id: 2147483647,
        tx_exon_id: 2147483647,
        alt_exon_id: 2147483647,
        exon_aln_id: 2147483647,
    },
    TxExonsRecord {
        hgnc: "BRCA1",
        tx_ac: "NM_007294.3",
        alt_ac: "NC_000017.10",
        alt_aln_method: "splign",
        alt_strand: -1,
        ord: 16,
        tx_start_i: 5306,
        tx_end_i: 5384,
        alt_start_i: 41215890,
        alt_end_i: 41215968,
        cigar: "78M",
        tx_aseq: None,
        alt_aseq: None,
        tx_exon_set_id: 2147483647,
        alt_exon_set_id: 2147483647,
        tx_exon_id: 2147483647,
        alt_exon_id: 2147483647,
        exon_aln_id: 2147483647,
    },
    TxExonsRecord {
        hgnc: "BRCA1",
        tx_ac: "NM_007294.3",
        alt_ac: "NC_000017.10",
        alt_aln_method: "splign",
        alt_strand: -1,
        ord: 15,
        tx_start_i: 5218,
        tx_end_i: 5306,
        alt_start_i: 41219624,
        alt_end_i: 41219712,
        cigar: "88M",
        tx_aseq: None,
        alt_aseq: None,
        tx_exon_set_id: 2147483647,
        alt_exon_set_id: 2147483647,
        tx_exon_id: 2147483647,
        alt_exon_id: 2147483647,
        exon_aln_id: 2147483647,
    },
    TxExonsRecord {
        hgnc: "BRCA1",
        tx_ac: "NM_007294.3",
        alt_ac: "NC_000017.10",
        alt_aln_method: "splign",
        alt_strand: -1,
        ord: 14,
        tx_start_i: 4907,
        tx_end_i: 5218,
        alt_start_i: 41222944,
        alt_end_i: 41223255,
        cigar: "311M",
        tx_aseq: None,
        alt_aseq: None,
        tx_exon_set_id: 2147483647,
        alt_exon_set_id: 2147483647,
        tx_exon_id: 2147483647,
        alt_exon_id: 2147483647,
        exon_aln_id: 2147483647,
    },
    TxExonsRecord {
        hgnc: "BRCA1",
        tx_ac: "NM_007294.3",
        alt_ac: "NC_000017.10",
        alt_aln_method: "splign",
        alt_strand: -1,
        ord: 13,
        tx_start_i: 4716,
        tx_end_i: 4907,
        alt_start_i: 41226347,
        alt_end_i: 41226538,
        cigar: "191M",
        tx_aseq: None,
        alt_aseq: None,
        tx_exon_set_id: 2147483647,
        alt_exon_set_id: 2147483647,
        tx_exon_id: 2147483647,
        alt_exon_id: 2147483647,
        exon_aln_id: 2147483647,
    },
    TxExonsRecord {
        hgnc: "BRCA1",
        tx_ac: "NM_007294.3",
        alt_ac: "NC_000017.10",
        alt_aln_method: "splign",
        alt_strand: -1,
        ord: 12,
        tx_start_i: 4589,
        tx_end_i: 4716,
        alt_start_i: 41228504,
        alt_end_i: 41228631,
        cigar: "127M",
        tx_aseq: None,
        alt_aseq: None,
        tx_exon_set_id: 2147483647,
        alt_exon_set_id: 2147483647,
        tx_exon_id: 2147483647,
        alt_exon_id: 2147483647,
        exon_aln_id: 2147483647,
    },
    TxExonsRecord {
        hgnc: "BRCA1",
        tx_ac: "NM_007294.3",
        alt_ac: "NC_000017.10",
        alt_aln_method: "splign",
        alt_strand: -1,
        ord: 11,
        tx_start_i: 4417,
        tx_end_i: 4589,
        alt_start_i: 41234420,
        alt_end_i: 41234592,
        cigar: "172M",
        tx_aseq: None,
        alt_aseq: None,
        tx_exon_set_id: 2147483647,
        alt_exon_set_id: 2147483647,
        tx_exon_id: 2147483647,
        alt_exon_id: 2147483647,
        exon_aln_id: 2147483647,
    },
    TxExonsRecord {
        hgnc: "BRCA1",
        tx_ac: "NM_007294.3",
        alt_ac: "NC_000017.10",
        alt_aln_method: "splign",
        alt_strand: -1,
        ord: 10,
        tx_start_i: 4328,
        tx_end_i: 4417,
        alt_start_i: 41242960,
        alt_end_i: 41243049,
        cigar: "89M",
        tx_aseq: None,
        alt_aseq: None,
        tx_exon_set_id: 2147483647,
        alt_exon_set_id: 2147483647,
        tx_exon_id: 2147483647,
        alt_exon_id: 2147483647,
        exon_aln_id: 2147483647,
    },
    TxExonsRecord {
        hgnc: "BRCA1",
        tx_ac: "NM_007294.3",
        alt_ac: "NC_000017.10",
        alt_aln_method: "splign",
        alt_strand: -1,
        ord: 9,
        tx_start_i: 902,
        tx_end_i: 4328,
        alt_start_i: 41243451,
        alt_end_i: 41246877,
        cigar: "3426M",
        tx_aseq: None,
        alt_aseq: None,
        tx_exon_set_id: 2147483647,
        alt_exon_set_id: 2147483647,
        tx_exon_id: 2147483647,
        alt_exon_id: 2147483647,
        exon_aln_id: 2147483647,
    },
    TxExonsRecord {
        hgnc: "BRCA1",
        tx_ac: "NM_007294.3",
        alt_ac: "NC_000017.10",
        alt_aln_method: "splign",
        alt_strand: -1,
        ord: 8,
        tx_start_i: 825,
        tx_end_i: 902,
        alt_start_i: 41247862,
        alt_end_i: 41247939,
        cigar: "77M",
        tx_aseq: None,
        alt_aseq: None,
        tx_exon_set_id: 2147483647,
        alt_exon_set_id: 2147483647,
        tx_exon_id: 2147483647,
        alt_exon_id: 2147483647,
        exon_aln_id: 2147483647,
    },
    TxExonsRecord {
        hgnc: "BRCA1",
        tx_ac: "NM_007294.3",
        alt_ac: "NC_000017.10",
        alt_aln_method: "splign",
        alt_strand: -1,
        ord: 7,
        tx_start_i: 779,
        tx_end_i: 825,
        alt_start_i: 41249260,
        alt_end_i: 41249306,
        cigar: "46M",
        tx_aseq: None,
        alt_aseq: None,
        tx_exon_set_id: 2147483647,
        alt_exon_set_id: 2147483647,
        tx_exon_id: 2147483647,
        alt_exon_id: 2147483647,
        exon_aln_id: 2147483647,
    },
    TxExonsRecord {
        hgnc: "BRCA1",
        tx_ac: "NM_007294.3",
        alt_ac: "NC_000017.10",
        alt_aln_method: "splign",
        alt_strand: -1,
        ord: 6,
        tx_start_i: 673,
        tx_end_i: 779,
        alt_start_i: 41251791,
        alt_end_i: 41251897,
        cigar: "106M",
        tx_aseq: None,
        alt_aseq: None,
        tx_exon_set_id: 2147483647,
        alt_exon_set_id: 2147483647,
        tx_exon_id: 2147483647,
        alt_exon_id: 2147483647,
        exon_aln_id: 2147483647,
    },
    TxExonsRecord {
        hgnc: "BRCA1",
        tx_ac: "NM_007294.3",
        alt_ac: "NC_000017.10",
        alt_aln_method: "splign",
        alt_strand: -1,
        ord: 5,
        tx_start_i: 533,
        tx_end_i: 673,
        alt_start_i: 41256138,
        alt_end_i: 41256278,
        cigar: "140M",
        tx_aseq: None,
        alt_aseq: None,
        tx_exon_set_id: 2147483647,
        alt_exon_set_id: 2147483647,
        tx_exon_id: 2147483647,
        alt_exon_id: 2147483647,
        exon_aln_id: 2147483647,
    },
    TxExonsRecord {
        hgnc: "BRCA1",
        tx_ac: "NM_007294.3",
        alt_ac: "NC_000017.10",
        alt_aln_method: "splign",
        alt_strand: -1,
        ord: 4,
        tx_start_i: 444,
        tx_end_i: 533,
        alt_start_i: 41256884,
        alt_end_i: 41256973,
        cigar: "89M",
        tx_aseq: None,
        alt_aseq: None,
        tx_exon_set_id: 2147483647,
        alt_exon_set_id: 2147483647,
        tx_exon_id: 2147483647,
        alt_exon_id: 2147483647,
        exon_aln_id: 2147483647,
    },
    TxExonsRecord {
        hgnc: "BRCA1",
        tx_ac: "NM_007294.3",
        alt_ac: "NC_000017.10",
        alt_aln_method: "splign",
        alt_strand: -1,
        ord: 3,
        tx_start_i: 366,
        tx_end_i: 444,
        alt_start_i: 41258472,
        alt_end_i: 41258550,
        cigar: "78M",
        tx_aseq: None,
        alt_aseq: None,
        tx_exon_set_id: 2147483647,
        alt_exon_set_id: 2147483647,
        tx_exon_id: 2147483647,
        alt_exon_id: 2147483647,
        exon_aln_id: 2147483647,
    },
    TxExonsRecord {
        hgnc: "BRCA1",
        tx_ac: "NM_007294.3",
        alt_ac: "NC_000017.10",
        alt_aln_method: "splign",
        alt_strand: -1,
        ord: 2,
        tx_start_i: 312,
        tx_end_i: 366,
        alt_start_i: 41267742,
        alt_end_i: 41267796,
        cigar: "54M",
        tx_aseq: None,
        alt_aseq: None,
        tx_exon_set_id: 2147483647,
        alt_exon_set_id: 2147483647,
        tx_exon_id: 2147483647,
        alt_exon_id: 2147483647,
        exon_aln_id: 2147483647,
    },
    TxExonsRecord {
        hgnc: "BRCA1",
        tx_ac: "NM_007294.3",
        alt_ac: "NC_000017.10",
        alt_aln_method: "splign",
        alt_strand: -1,
        ord: 1,
        tx_start_i: 213,
        tx_end_i: 312,
        alt_start_i: 41276033,
        alt_end_i: 41276132,
        cigar: "99M",
        tx_aseq: None,
        alt_aseq: None,
        tx_exon_set_id: 2147483647,
        alt_exon_set_id: 2147483647,
        tx_exon_id: 2147483647,
        alt_exon_id: 2147483647,
        exon_aln_id: 2147483647,
    },
    TxExonsRecord {
        hgnc: "BRCA1",
        tx_ac: "NM_007294.3",
        alt_ac: "NC_000017.10",
        alt_aln_method: "splign",
        alt_strand: -1,
        ord: 0,
        tx_start_i: 0,
        tx_end_i: 213,
        alt_start_i: 41277287,
        alt_end_i: 41277500,
        cigar: "213M",
        tx_aseq: None,
        alt_aseq: None,
        tx_exon_set_id: 2147483647,
        alt_exon_set_id: 2147483647,
        tx_exon_id: 2147483647,
        alt_exon_id: 2147483647,
        exon_aln_id: 2147483647,
    },
]
